C:\Users\USUARIO\Documents\MCUXpressoIDE_25.6.136\workspace\CMSISv2p00_LPC17xx\inc/core_cm3.h:928:22:NVIC_EnableIRQ	16	static
../src/UART_bi.c:23:6:UART_cfg	32	static
../src/UART_bi.c:63:6:Consola_EnviaMensaje	24	static
../src/UART_bi.c:70:6:UART_SendString	24	static
../src/UART_bi.c:79:6:UART_SendNum	32	static
../src/UART_bi.c:98:6:UART_ReportarEstado	24	static
../src/UART_bi.c:113:6:UART0_IRQHandler	16	static
../src/UART_bi.c:140:6:ProcesarComando_UART	8	static
../src/UART_bi.c:188:6:generar_onda_polinomial	2112	static
